
Allocating common symbols
Common symbol       size              file

idt_ptr             0x6               kernel/global.o
inode_table         0xb00             kernel/global.o
task_stack          0x38000           kernel/global.o
k_reenter           0x4               kernel/global.o
gdt                 0x400             kernel/global.o
current_console     0x4               kernel/global.o
pcaller             0x4               kernel/global.o
tty_table           0x1090            kernel/global.o
tss                 0x68              kernel/global.o
fs_msg              0x30              kernel/global.o
f_desc_table        0x300             kernel/global.o
root_inode          0x4               kernel/global.o
disp_pos            0x4               kernel/global.o
key_pressed         0x4               kernel/global.o
gdt_ptr             0x6               kernel/global.o
idt                 0x800             kernel/global.o
super_block         0x1e0             kernel/global.o
PARTITION_ENTRY     0x10              kernel/hd.o
ticks               0x4               kernel/global.o
console_table       0x50              kernel/global.o
irq_table           0x40              kernel/global.o
p_proc_ready        0x4               kernel/global.o
proc_table          0xb28             kernel/global.o

Discarded input sections

 .note.GNU-stack
                0x0000000000000000        0x0 kernel/start.o
 .note.GNU-stack
                0x0000000000000000        0x0 kernel/main.o
 .note.GNU-stack
                0x0000000000000000        0x0 kernel/clock.o
 .note.GNU-stack
                0x0000000000000000        0x0 kernel/keyboard.o
 .note.GNU-stack
                0x0000000000000000        0x0 kernel/tty.o
 .note.GNU-stack
                0x0000000000000000        0x0 kernel/console.o
 .note.GNU-stack
                0x0000000000000000        0x0 kernel/i8259.o
 .note.GNU-stack
                0x0000000000000000        0x0 kernel/global.o
 .note.GNU-stack
                0x0000000000000000        0x0 kernel/protect.o
 .note.GNU-stack
                0x0000000000000000        0x0 kernel/proc.o
 .note.GNU-stack
                0x0000000000000000        0x0 kernel/systask.o
 .note.GNU-stack
                0x0000000000000000        0x0 kernel/hd.o
 .note.GNU-stack
                0x0000000000000000        0x0 lib/printf.o
 .note.GNU-stack
                0x0000000000000000        0x0 lib/vsprintf.o
 .note.GNU-stack
                0x0000000000000000        0x0 lib/klib.o
 .note.GNU-stack
                0x0000000000000000        0x0 lib/misc.o
 .note.GNU-stack
                0x0000000000000000        0x0 lib/open.o
 .note.GNU-stack
                0x0000000000000000        0x0 lib/read.o
 .note.GNU-stack
                0x0000000000000000        0x0 lib/write.o
 .note.GNU-stack
                0x0000000000000000        0x0 lib/close.o
 .note.GNU-stack
                0x0000000000000000        0x0 lib/unlink.o
 .note.GNU-stack
                0x0000000000000000        0x0 lib/getpid.o
 .note.GNU-stack
                0x0000000000000000        0x0 lib/syslog.o
 .note.GNU-stack
                0x0000000000000000        0x0 fs/main.o
 .note.GNU-stack
                0x0000000000000000        0x0 fs/open.o
 .note.GNU-stack
                0x0000000000000000        0x0 fs/misc.o
 .note.GNU-stack
                0x0000000000000000        0x0 fs/read_write.o
 .note.GNU-stack
                0x0000000000000000        0x0 fs/link.o
 .note.GNU-stack
                0x0000000000000000        0x0 fs/disklog.o

Memory Configuration

Name             Origin             Length             Attributes
*default*        0x0000000000000000 0xffffffffffffffff

Linker script and memory map

Address of section .text set to 0x1000
LOAD kernel/kernel.o
LOAD lib/syscall.o
LOAD kernel/start.o
LOAD kernel/main.o
LOAD kernel/clock.o
LOAD kernel/keyboard.o
LOAD kernel/tty.o
LOAD kernel/console.o
LOAD kernel/i8259.o
LOAD kernel/global.o
LOAD kernel/protect.o
LOAD kernel/proc.o
LOAD kernel/systask.o
LOAD kernel/hd.o
LOAD lib/printf.o
LOAD lib/vsprintf.o
LOAD lib/kliba.o
LOAD lib/klib.o
LOAD lib/string.o
LOAD lib/misc.o
LOAD lib/open.o
LOAD lib/read.o
LOAD lib/write.o
LOAD lib/close.o
LOAD lib/unlink.o
LOAD lib/getpid.o
LOAD lib/syslog.o
LOAD fs/main.o
LOAD fs/open.o
LOAD fs/misc.o
LOAD fs/read_write.o
LOAD fs/link.o
LOAD fs/disklog.o
                [!provide]                        PROVIDE (__executable_start, 0x8048000)
                0x0000000008048094                . = (0x8048000 + SIZEOF_HEADERS)

.interp
 *(.interp)

.note.gnu.build-id
 *(.note.gnu.build-id)

.hash
 *(.hash)

.gnu.hash
 *(.gnu.hash)

.dynsym
 *(.dynsym)

.dynstr
 *(.dynstr)

.gnu.version
 *(.gnu.version)

.gnu.version_d
 *(.gnu.version_d)

.gnu.version_r
 *(.gnu.version_r)

.rel.dyn        0x0000000008048094        0x0
 *(.rel.init)
 *(.rel.text .rel.text.* .rel.gnu.linkonce.t.*)
 .rel.text      0x0000000008048094        0x0 kernel/kernel.o
 *(.rel.fini)
 *(.rel.rodata .rel.rodata.* .rel.gnu.linkonce.r.*)
 *(.rel.data.rel.ro .rel.data.rel.ro.* .rel.gnu.linkonce.d.rel.ro.*)
 *(.rel.data .rel.data.* .rel.gnu.linkonce.d.*)
 .rel.data      0x0000000008048094        0x0 kernel/kernel.o
 *(.rel.tdata .rel.tdata.* .rel.gnu.linkonce.td.*)
 *(.rel.tbss .rel.tbss.* .rel.gnu.linkonce.tb.*)
 *(.rel.ctors)
 *(.rel.dtors)
 *(.rel.got)
 *(.rel.bss .rel.bss.* .rel.gnu.linkonce.b.*)
 *(.rel.ifunc)

.rel.plt        0x0000000008048094        0x0
 *(.rel.plt)
                [!provide]                        PROVIDE (__rel_iplt_start, .)
 *(.rel.iplt)
 .rel.iplt      0x0000000008048094        0x0 kernel/kernel.o
                [!provide]                        PROVIDE (__rel_iplt_end, .)

.init
 *(SORT(.init))

.plt            0x00000000080480a0        0x0
 *(.plt)
 *(.iplt)
 .iplt          0x00000000080480a0        0x0 kernel/kernel.o

.plt.got
 *(.plt.got)

.text           0x0000000000001000     0xa271
 *(.text.unlikely .text.*_unlikely .text.unlikely.*)
 *(.text.exit .text.exit.*)
 *(.text.startup .text.startup.*)
 *(.text.hot .text.hot.*)
 *(.text .stub .text.* .gnu.linkonce.t.*)
 .text          0x0000000000001000      0x410 kernel/kernel.o
                0x0000000000001000                _start
                0x0000000000001040                hwint00
                0x0000000000001070                hwint01
                0x00000000000010a0                hwint02
                0x00000000000010d0                hwint03
                0x0000000000001100                hwint04
                0x0000000000001130                hwint05
                0x0000000000001160                hwint06
                0x0000000000001190                hwint07
                0x00000000000011c0                hwint08
                0x00000000000011f0                hwint09
                0x0000000000001220                hwint10
                0x0000000000001250                hwint11
                0x0000000000001280                hwint12
                0x00000000000012b0                hwint13
                0x00000000000012e0                hwint14
                0x0000000000001310                hwint15
                0x0000000000001334                divide_error
                0x000000000000133a                single_step_exception
                0x0000000000001340                nmi
                0x0000000000001346                breakpoint_exception
                0x000000000000134c                overflow
                0x0000000000001352                bounds_check
                0x0000000000001358                inval_opcode
                0x000000000000135e                copr_not_available
                0x0000000000001364                double_fault
                0x0000000000001368                copr_seg_overrun
                0x000000000000136e                inval_tss
                0x0000000000001372                segment_not_present
                0x0000000000001376                stack_exception
                0x000000000000137a                general_protection
                0x000000000000137e                page_fault
                0x0000000000001382                copr_error
                0x00000000000013cb                sys_call
                0x00000000000013eb                restart
 .text          0x0000000000001410       0x28 lib/syscall.o
                0x0000000000001410                sendrec
                0x000000000000142a                printx
 .text          0x0000000000001438       0x95 kernel/start.o
                0x0000000000001438                cstart
 .text          0x00000000000014cd      0xea5 kernel/main.o
                0x00000000000014cd                kernel_main
                0x0000000000001750                get_ticks
                0x0000000000001784                TestA
                0x0000000000001f9c                TestB
                0x0000000000001fb5                TestC
                0x0000000000001fce                timer
                0x0000000000002094                startAnimate
                0x00000000000021dc                panic
                0x0000000000002225                clear
                0x0000000000002289                help
 .text          0x0000000000002372      0x182 kernel/clock.o
                0x0000000000002372                clock_handler
                0x0000000000002462                milli_delay
                0x000000000000249c                init_clock
 .text          0x00000000000024f4      0x6da kernel/keyboard.o
                0x00000000000024f4                keyboard_handler
                0x000000000000255e                init_keyboard
                0x000000000000260d                keyboard_read
 .text          0x0000000000002bce      0x9c1 kernel/tty.o
                0x0000000000002bce                task_tty
                0x0000000000002d7e                in_process
                0x000000000000328f                sys_printx
                0x000000000000342e                dump_tty_buf
 .text          0x000000000000358f      0x7d0 kernel/console.o
                0x000000000000358f                init_screen
                0x00000000000036fc                out_char
                0x000000000000399f                clear_screen
                0x00000000000039d9                is_current_console
                0x00000000000039fc                set_cursor
                0x0000000000003a64                set_video_start_addr
                0x0000000000003acc                select_console
                0x0000000000003b0c                scroll_screen
                0x0000000000003cf0                flush
 .text          0x0000000000003d5f      0x130 kernel/i8259.o
                0x0000000000003d5f                init_8259A
                0x0000000000003e34                spurious_irq
                0x0000000000003e6b                put_irq_handler
 .text          0x0000000000003e8f        0x0 kernel/global.o
 .text          0x0000000000003e8f      0x614 kernel/protect.o
                0x0000000000003e8f                init_prot
                0x00000000000042ac                seg2phys
                0x0000000000004368                exception_handler
 .text          0x00000000000044a3     0x1772 kernel/proc.o
                0x00000000000044a3                schedule
                0x000000000000452f                sys_sendrec
                0x000000000000464f                send_recv
                0x000000000000470c                ldt_seg_linear
                0x0000000000004756                va2la
                0x00000000000047b7                reset_msg
                0x000000000000560e                inform_int
                0x0000000000005796                dump_proc
                0x0000000000005b08                dump_msg
 .text          0x0000000000005c15       0x82 kernel/systask.o
                0x0000000000005c15                task_sys
 .text          0x0000000000005c97      0xe1f kernel/hd.o
                0x0000000000005c97                task_hd
                0x0000000000006a8b                hd_handler
 .text          0x0000000000006ab6       0xad lib/printf.o
                0x0000000000006ab6                printf
                0x0000000000006b21                printl
 .text          0x0000000000006b63      0x305 lib/vsprintf.o
                0x0000000000006bc1                vsprintf
                0x0000000000006e42                sprintf
 *fill*         0x0000000000006e68        0x8 
 .text          0x0000000000006e70      0x19a lib/kliba.o
                0x0000000000006e70                disp_str
                0x0000000000006eae                disp_color_str
                0x0000000000006eed                out_byte
                0x0000000000006ef9                in_byte
                0x0000000000006f03                port_read
                0x0000000000006f16                port_write
                0x0000000000006f29                disable_irq
                0x0000000000006f5e                enable_irq
                0x0000000000006f7d                disable_int
                0x0000000000006f7f                enable_int
                0x0000000000006f81                glitter
 .text          0x000000000000700a      0x351 lib/klib.o
                0x000000000000700a                itoa
                0x00000000000070b5                itoaDec
                0x0000000000007233                atoi
                0x00000000000072ed                disp_int
                0x0000000000007314                delay
 *fill*         0x000000000000735b        0x5 
 .text          0x0000000000007360       0x78 lib/string.o
                0x0000000000007360                memcpy
                0x0000000000007389                memset
                0x00000000000073aa                strcpy
                0x00000000000073c2                strlen
 .text          0x00000000000073d8      0x19c lib/misc.o
                0x00000000000073d8                memcmp
                0x000000000000744e                strcmp
                0x00000000000074c1                strcat
                0x0000000000007520                spin
                0x000000000000753b                assertion_failure
 .text          0x0000000000007574       0x63 lib/open.o
                0x0000000000007574                open
 .text          0x00000000000075d7       0x37 lib/read.o
                0x00000000000075d7                read
 .text          0x000000000000760e       0x37 lib/write.o
                0x000000000000760e                write
 .text          0x0000000000007645       0x2b lib/close.o
                0x0000000000007645                close
 .text          0x0000000000007670       0x3c lib/unlink.o
                0x0000000000007670                unlink
 .text          0x00000000000076ac       0x46 lib/getpid.o
                0x00000000000076ac                getpid
 .text          0x00000000000076f2       0xd1 lib/syslog.o
                0x00000000000076f2                syslog
 .text          0x00000000000077c3      0xd61 fs/main.o
                0x00000000000077c3                task_fs
                0x000000000000801b                rw_sector
                0x000000000000823e                get_super_block
                0x0000000000008284                get_inode
                0x00000000000083e7                put_inode
                0x0000000000008425                sync_inode
 .text          0x0000000000008524      0xa95 fs/open.o
                0x0000000000008524                do_open
                0x0000000000008974                do_close
                0x00000000000089d0                do_lseek
 .text          0x0000000000008fb9      0x1e1 fs/misc.o
                0x0000000000008fb9                search_file
                0x000000000000910f                strip_path
 .text          0x000000000000919a      0x49a fs/read_write.o
                0x000000000000919a                do_rdwt
 .text          0x0000000000009634      0x808 fs/link.o
                0x0000000000009634                do_unlink
 .text          0x0000000000009e3c     0x1435 fs/disklog.o
                0x0000000000009e3c                do_disklog
                0x0000000000009ed7                disklog
                0x000000000000a3b2                dump_fd_graph
 *(.gnu.warning)

.fini
 *(SORT(.fini))
                [!provide]                        PROVIDE (__etext, .)
                [!provide]                        PROVIDE (_etext, .)
                [!provide]                        PROVIDE (etext, .)

.rodata         0x000000000000b280     0x2d57
 *(.rodata .rodata.* .gnu.linkonce.r.*)
 .rodata        0x000000000000b280       0x47 kernel/start.o
 *fill*         0x000000000000b2c7        0x1 
 .rodata        0x000000000000b2c8     0x104c kernel/main.o
 .rodata        0x000000000000c314       0x64 kernel/keyboard.o
 .rodata        0x000000000000c378      0x13c kernel/tty.o
 .rodata        0x000000000000c4b4       0x5b kernel/console.o
 .rodata        0x000000000000c50f       0x11 kernel/i8259.o
 .rodata        0x000000000000c520        0x4 kernel/global.o
                0x000000000000c520                FSBUF_SIZE
 *fill*         0x000000000000c524       0x1c 
 .rodata        0x000000000000c540      0x540 kernel/protect.o
 .rodata        0x000000000000ca80      0x62e kernel/proc.o
 .rodata        0x000000000000d0ae       0x11 kernel/systask.o
 *fill*         0x000000000000d0bf        0x1 
 .rodata        0x000000000000d0c0      0x1ba kernel/hd.o
 .rodata        0x000000000000d27a       0x14 lib/printf.o
 *fill*         0x000000000000d28e        0x2 
 .rodata        0x000000000000d290       0x61 lib/misc.o
 .rodata        0x000000000000d2f1       0x23 lib/open.o
 .rodata        0x000000000000d314       0x25 lib/getpid.o
 .rodata        0x000000000000d339       0x32 lib/syslog.o
 *fill*         0x000000000000d36b        0x1 
 .rodata        0x000000000000d36c      0x206 fs/main.o
 *fill*         0x000000000000d572        0x2 
 .rodata        0x000000000000d574      0x138 fs/open.o
 .rodata        0x000000000000d6ac      0x164 fs/read_write.o
 .rodata        0x000000000000d810      0x19d fs/link.o
 *fill*         0x000000000000d9ad        0x3 
 .rodata        0x000000000000d9b0      0x627 fs/disklog.o

.rodata1
 *(.rodata1)

.eh_frame_hdr
 *(.eh_frame_hdr)
 *(.eh_frame_entry .eh_frame_entry.*)

.eh_frame       0x000000000000dfd8     0x1058
 *(.eh_frame)
 .eh_frame      0x000000000000dfd8       0x38 kernel/start.o
 .eh_frame      0x000000000000e010      0x13c kernel/main.o
                                        0x154 (size before relaxing)
 .eh_frame      0x000000000000e14c       0x60 kernel/clock.o
                                         0x78 (size before relaxing)
 .eh_frame      0x000000000000e1ac       0xe0 kernel/keyboard.o
                                         0xf8 (size before relaxing)
 .eh_frame      0x000000000000e28c      0x13c kernel/tty.o
                                        0x154 (size before relaxing)
 .eh_frame      0x000000000000e3c8      0x144 kernel/console.o
                                        0x15c (size before relaxing)
 .eh_frame      0x000000000000e50c       0x60 kernel/i8259.o
                                         0x78 (size before relaxing)
 .eh_frame      0x000000000000e56c       0xb0 kernel/protect.o
                                         0xc8 (size before relaxing)
 .eh_frame      0x000000000000e61c      0x1d8 kernel/proc.o
                                        0x1f0 (size before relaxing)
 .eh_frame      0x000000000000e7f4       0x1c kernel/systask.o
                                         0x34 (size before relaxing)
 .eh_frame      0x000000000000e810      0x1f0 kernel/hd.o
                                        0x208 (size before relaxing)
 .eh_frame      0x000000000000ea00       0x40 lib/printf.o
                                         0x58 (size before relaxing)
 .eh_frame      0x000000000000ea40       0x60 lib/vsprintf.o
                                         0x78 (size before relaxing)
 .eh_frame      0x000000000000eaa0       0xa8 lib/klib.o
                                         0xc0 (size before relaxing)
 .eh_frame      0x000000000000eb48       0x9c lib/misc.o
                                         0xb4 (size before relaxing)
 .eh_frame      0x000000000000ebe4       0x20 lib/open.o
                                         0x38 (size before relaxing)
 .eh_frame      0x000000000000ec04       0x20 lib/read.o
                                         0x38 (size before relaxing)
 .eh_frame      0x000000000000ec24       0x20 lib/write.o
                                         0x38 (size before relaxing)
 .eh_frame      0x000000000000ec44       0x20 lib/close.o
                                         0x38 (size before relaxing)
 .eh_frame      0x000000000000ec64       0x20 lib/unlink.o
                                         0x38 (size before relaxing)
 .eh_frame      0x000000000000ec84       0x20 lib/getpid.o
                                         0x38 (size before relaxing)
 .eh_frame      0x000000000000eca4       0x20 lib/syslog.o
                                         0x38 (size before relaxing)
 .eh_frame      0x000000000000ecc4      0x130 fs/main.o
                                        0x148 (size before relaxing)
 .eh_frame      0x000000000000edf4      0x120 fs/open.o
                                        0x138 (size before relaxing)
 .eh_frame      0x000000000000ef14       0x44 fs/misc.o
                                         0x5c (size before relaxing)
 .eh_frame      0x000000000000ef58       0x2c fs/read_write.o
                                         0x44 (size before relaxing)
 .eh_frame      0x000000000000ef84       0x2c fs/link.o
                                         0x44 (size before relaxing)
 .eh_frame      0x000000000000efb0       0x80 fs/disklog.o
                                         0x98 (size before relaxing)
 *(.eh_frame.*)

.gcc_except_table
 *(.gcc_except_table .gcc_except_table.*)

.gnu_extab
 *(.gnu_extab*)

.exception_ranges
 *(.exception_ranges .exception_ranges*)
                0x0000000000010030                . = DATA_SEGMENT_ALIGN (0x1000, 0x1000)

.eh_frame
 *(.eh_frame)
 *(.eh_frame.*)

.gnu_extab
 *(.gnu_extab)

.gcc_except_table
 *(.gcc_except_table .gcc_except_table.*)

.exception_ranges
 *(.exception_ranges .exception_ranges*)

.tdata
 *(.tdata .tdata.* .gnu.linkonce.td.*)

.tbss
 *(.tbss .tbss.* .gnu.linkonce.tb.*)
 *(.tcommon)

.preinit_array  0x0000000000010030        0x0
                [!provide]                        PROVIDE (__preinit_array_start, .)
 *(.preinit_array)
                [!provide]                        PROVIDE (__preinit_array_end, .)

.init_array     0x0000000000010030        0x0
                [!provide]                        PROVIDE (__init_array_start, .)
 *(SORT(.init_array.*) SORT(.ctors.*))
 *(.init_array EXCLUDE_FILE(*crtend?.o *crtend.o *crtbegin?.o *crtbegin.o) .ctors)
                [!provide]                        PROVIDE (__init_array_end, .)

.fini_array     0x0000000000010030        0x0
                [!provide]                        PROVIDE (__fini_array_start, .)
 *(SORT(.fini_array.*) SORT(.dtors.*))
 *(.fini_array EXCLUDE_FILE(*crtend?.o *crtend.o *crtbegin?.o *crtbegin.o) .dtors)
                [!provide]                        PROVIDE (__fini_array_end, .)

.ctors
 *crtbegin.o(.ctors)
 *crtbegin?.o(.ctors)
 *(EXCLUDE_FILE(*crtend?.o *crtend.o) .ctors)
 *(SORT(.ctors.*))
 *(.ctors)

.dtors
 *crtbegin.o(.dtors)
 *crtbegin?.o(.dtors)
 *(EXCLUDE_FILE(*crtend?.o *crtend.o) .dtors)
 *(SORT(.dtors.*))
 *(.dtors)

.jcr
 *(.jcr)

.data.rel.ro
 *(.data.rel.ro.local* .gnu.linkonce.d.rel.ro.local.*)
 *(.data.rel.ro .data.rel.ro.* .gnu.linkonce.d.rel.ro.*)

.dynamic
 *(.dynamic)

.got
 *(.got)
 *(.igot)
                0x0000000000010030                . = DATA_SEGMENT_RELRO_END (., (SIZEOF (.got.plt) >= 0xc)?0xc:0x0)

.got.plt        0x0000000000010030        0x0
 *(.got.plt)
 *(.igot.plt)
 .igot.plt      0x0000000000010030        0x0 kernel/kernel.o

.data           0x0000000000010040      0x7a0
 *(.data .data.* .gnu.linkonce.d.*)
 .data          0x0000000000010040        0x2 kernel/kernel.o
 .data          0x0000000000010042        0x0 kernel/start.o
 .data          0x0000000000010042        0x0 kernel/main.o
 .data          0x0000000000010042        0x0 kernel/clock.o
 *fill*         0x0000000000010042       0x1e 
 .data          0x0000000000010060      0x600 kernel/keyboard.o
                0x0000000000010060                keymap
 .data          0x0000000000010660       0x22 kernel/tty.o
 .data          0x0000000000010682        0x0 kernel/console.o
 .data          0x0000000000010682        0x0 kernel/i8259.o
 *fill*         0x0000000000010682       0x1e 
 .data          0x00000000000106a0      0x140 kernel/global.o
                0x00000000000106a0                task_table
                0x0000000000010740                user_proc_table
                0x00000000000107b8                sys_call_table
                0x00000000000107c4                dd_map
                0x00000000000107dc                fsbuf
 .data          0x00000000000107e0        0x0 kernel/protect.o
 .data          0x00000000000107e0        0x0 kernel/proc.o
 .data          0x00000000000107e0        0x0 kernel/systask.o
 .data          0x00000000000107e0        0x0 kernel/hd.o
 .data          0x00000000000107e0        0x0 lib/printf.o
 .data          0x00000000000107e0        0x0 lib/vsprintf.o
 .data          0x00000000000107e0        0x0 lib/klib.o
 .data          0x00000000000107e0        0x0 lib/misc.o
 .data          0x00000000000107e0        0x0 lib/open.o
 .data          0x00000000000107e0        0x0 lib/read.o
 .data          0x00000000000107e0        0x0 lib/write.o
 .data          0x00000000000107e0        0x0 lib/close.o
 .data          0x00000000000107e0        0x0 lib/unlink.o
 .data          0x00000000000107e0        0x0 lib/getpid.o
 .data          0x00000000000107e0        0x0 lib/syslog.o
 .data          0x00000000000107e0        0x0 fs/main.o
 .data          0x00000000000107e0        0x0 fs/open.o
 .data          0x00000000000107e0        0x0 fs/misc.o
 .data          0x00000000000107e0        0x0 fs/read_write.o
 .data          0x00000000000107e0        0x0 fs/link.o
 .data          0x00000000000107e0        0x0 fs/disklog.o

.data1
 *(.data1)
                0x00000000000107e0                _edata = .
                [!provide]                        PROVIDE (edata, .)
                0x00000000000107e0                . = .
                0x00000000000107e0                __bss_start = .

.bss            0x00000000000107e0    0x3cab8
 *(.dynbss)
 *(.bss .bss.* .gnu.linkonce.b.*)
 .bss           0x00000000000107e0      0x800 kernel/kernel.o
 .bss           0x0000000000010fe0        0x0 kernel/start.o
 .bss           0x0000000000010fe0        0x0 kernel/main.o
 .bss           0x0000000000010fe0        0x0 kernel/clock.o
 .bss           0x0000000000010fe0       0x58 kernel/keyboard.o
 .bss           0x0000000000011038        0x0 kernel/tty.o
 .bss           0x0000000000011038        0x0 kernel/console.o
 .bss           0x0000000000011038        0x0 kernel/i8259.o
 .bss           0x0000000000011038        0x0 kernel/global.o
 .bss           0x0000000000011038        0x0 kernel/protect.o
 .bss           0x0000000000011038        0x0 kernel/proc.o
 .bss           0x0000000000011038        0x0 kernel/systask.o
 *fill*         0x0000000000011038        0x8 
 .bss           0x0000000000011040      0x64c kernel/hd.o
 .bss           0x000000000001168c        0x0 lib/printf.o
 .bss           0x000000000001168c        0x0 lib/vsprintf.o
 .bss           0x000000000001168c        0x0 lib/klib.o
 .bss           0x000000000001168c        0x0 lib/misc.o
 .bss           0x000000000001168c        0x0 lib/open.o
 .bss           0x000000000001168c        0x0 lib/read.o
 .bss           0x000000000001168c        0x0 lib/write.o
 .bss           0x000000000001168c        0x0 lib/close.o
 .bss           0x000000000001168c        0x0 lib/unlink.o
 .bss           0x000000000001168c        0x0 lib/getpid.o
 .bss           0x000000000001168c        0x0 lib/syslog.o
 .bss           0x000000000001168c        0x0 fs/main.o
 .bss           0x000000000001168c        0x0 fs/open.o
 .bss           0x000000000001168c        0x0 fs/misc.o
 .bss           0x000000000001168c        0x0 fs/read_write.o
 .bss           0x000000000001168c        0x0 fs/link.o
 *fill*         0x000000000001168c       0x14 
 .bss           0x00000000000116a0      0x208 fs/disklog.o
 *(COMMON)
 *fill*         0x00000000000118a8       0x18 
 COMMON         0x00000000000118c0    0x3b9c8 kernel/global.o
                0x00000000000118c0                idt_ptr
                0x00000000000118e0                inode_table
                0x00000000000123e0                task_stack
                0x000000000004a3e0                k_reenter
                0x000000000004a400                gdt
                0x000000000004a800                current_console
                0x000000000004a804                pcaller
                0x000000000004a820                tty_table
                0x000000000004b8c0                tss
                0x000000000004b940                fs_msg
                0x000000000004b980                f_desc_table
                0x000000000004bc80                root_inode
                0x000000000004bc84                disp_pos
                0x000000000004bc88                key_pressed
                0x000000000004bc8c                gdt_ptr
                0x000000000004bca0                idt
                0x000000000004c4a0                super_block
                0x000000000004c680                ticks
                0x000000000004c6a0                console_table
                0x000000000004c700                irq_table
                0x000000000004c740                p_proc_ready
                0x000000000004c760                proc_table
 COMMON         0x000000000004d288       0x10 kernel/hd.o
                0x000000000004d288                PARTITION_ENTRY
                0x000000000004d298                . = ALIGN ((. != 0x0)?0x4:0x1)
                0x000000000004d298                . = ALIGN (0x4)
                0x000000000004d298                . = SEGMENT_START ("ldata-segment", .)
                0x000000000004d298                . = ALIGN (0x4)
                0x000000000004d298                _end = .
                [!provide]                        PROVIDE (end, .)
                0x000000000004d298                . = DATA_SEGMENT_END (.)

.stab
 *(.stab)

.stabstr
 *(.stabstr)

.stab.excl
 *(.stab.excl)

.stab.exclstr
 *(.stab.exclstr)

.stab.index
 *(.stab.index)

.stab.indexstr
 *(.stab.indexstr)

.comment        0x0000000000000000       0x35
 *(.comment)
 .comment       0x0000000000000000       0x35 kernel/start.o
                                         0x36 (size before relaxing)
 .comment       0x0000000000000035       0x36 kernel/main.o
 .comment       0x0000000000000035       0x36 kernel/clock.o
 .comment       0x0000000000000035       0x36 kernel/keyboard.o
 .comment       0x0000000000000035       0x36 kernel/tty.o
 .comment       0x0000000000000035       0x36 kernel/console.o
 .comment       0x0000000000000035       0x36 kernel/i8259.o
 .comment       0x0000000000000035       0x36 kernel/global.o
 .comment       0x0000000000000035       0x36 kernel/protect.o
 .comment       0x0000000000000035       0x36 kernel/proc.o
 .comment       0x0000000000000035       0x36 kernel/systask.o
 .comment       0x0000000000000035       0x36 kernel/hd.o
 .comment       0x0000000000000035       0x36 lib/printf.o
 .comment       0x0000000000000035       0x36 lib/vsprintf.o
 .comment       0x0000000000000035       0x36 lib/klib.o
 .comment       0x0000000000000035       0x36 lib/misc.o
 .comment       0x0000000000000035       0x36 lib/open.o
 .comment       0x0000000000000035       0x36 lib/read.o
 .comment       0x0000000000000035       0x36 lib/write.o
 .comment       0x0000000000000035       0x36 lib/close.o
 .comment       0x0000000000000035       0x36 lib/unlink.o
 .comment       0x0000000000000035       0x36 lib/getpid.o
 .comment       0x0000000000000035       0x36 lib/syslog.o
 .comment       0x0000000000000035       0x36 fs/main.o
 .comment       0x0000000000000035       0x36 fs/open.o
 .comment       0x0000000000000035       0x36 fs/misc.o
 .comment       0x0000000000000035       0x36 fs/read_write.o
 .comment       0x0000000000000035       0x36 fs/link.o
 .comment       0x0000000000000035       0x36 fs/disklog.o

.debug
 *(.debug)

.line
 *(.line)

.debug_srcinfo
 *(.debug_srcinfo)

.debug_sfnames
 *(.debug_sfnames)

.debug_aranges
 *(.debug_aranges)

.debug_pubnames
 *(.debug_pubnames)

.debug_info
 *(.debug_info .gnu.linkonce.wi.*)

.debug_abbrev
 *(.debug_abbrev)

.debug_line
 *(.debug_line .debug_line.* .debug_line_end)

.debug_frame
 *(.debug_frame)

.debug_str
 *(.debug_str)

.debug_loc
 *(.debug_loc)

.debug_macinfo
 *(.debug_macinfo)

.debug_weaknames
 *(.debug_weaknames)

.debug_funcnames
 *(.debug_funcnames)

.debug_typenames
 *(.debug_typenames)

.debug_varnames
 *(.debug_varnames)

.debug_pubtypes
 *(.debug_pubtypes)

.debug_ranges
 *(.debug_ranges)

.debug_macro
 *(.debug_macro)

.gnu.attributes
 *(.gnu.attributes)

/DISCARD/
 *(.note.GNU-stack)
 *(.gnu_debuglink)
 *(.gnu.lto_*)
OUTPUT(kernel.bin elf32-i386)
